key2	key2_count	key1	qty	qty_rank	qty_sum	test_sheetrank	amt	
foo	2	2016-01-01 11:00:00	1.00	1	31.00	5		
	0	2016-01-01 1:00	2.00	1	66.00	2	3	
baz	3		4.00	1	292.00	4	43.2	
#ERR	0	#ERR	#ERR	1	0.00	1	#ERR	#ERR
bar	2	2017-12-25 8:44	16.00	2	16.00	3	.3	
baz	3		32.00	2	292.00	4	3.3	
	0	2018-07-27 4:44	64.00	2	66.00	2	9.1	
bar	2	2018-07-27 16:44		1	16.00	3		
baz	3	2018-07-27 18:44	256.00	3	292.00	4	.01	
foo	2	2018-10-20 18:44	30.00	2	31.00	5	.01	
