Date	count	percent
2018-07	21	42.86
2018-08	28	57.14
