colA	colB	colC	colD	colE	colF
1	new_B1	new_C1	db_D1	db_E1	
2		db_C2	db_D2	db_E2	
3	db_B3		db_D3		
4	db_B4	db_C4	db_D4	db_E4	
5	db_B5	db_C5		db_E5	new_F5
6	new_B6	new_C6	db_D6	new_E6	new_F6
7	new_B7	new_C7	new_D7	new_E7	new_F7
8	new_B8	new_C1	new_D1	new_E1	new_F1
9	new_B9	new_C9	new_D9	new_E9	new_F9
10	new_B10	new_C10	new_D10	new_E10	new_F10
11	new_B11	new_C11	new_D11	new_E11	new_F11
