LF	ord(LF)	BS	ord(BS)	TAB	ord(TAB)	CR	ord(CR)

	10	\	92			9		13
1	49	2	50	3	51	4	52
