key1	foo	baz	bar
2018-10-20	0	0	0
2018-07-27	0	256	0
2017-12-25	0	0	16
2016-01-01	1	0	0
date(None)	0	36	0
#ERR	0	0	0
