Units	count	Units_sum
2	1	2
3	1	3
4	1	4
5	1	5
7	2	14
11	1	11
14	1	14
15	1	15
16	1	16
27	1	27
28	2	56
29	1	29
32	1	32
35	1	35
36	1	36
42	1	42
46	1	46
50	2	100
53	1	53
55	1	55
56	1	56
57	1	57
60	2	120
62	1	62
64	1	64
66	1	66
67	1	67
74	1	74
75	1	75
76	1	76
80	1	80
81	1	81
87	1	87
90	2	180
94	1	94
95	1	95
96	2	192
